2026-07-16 13:43:57 | INFO     | vadafok_studio | ========================================================================
2026-07-16 13:43:57 | INFO     | vadafok_studio | Application start: VADAFOK Studio 2.22.2
2026-07-16 13:43:57 | INFO     | vadafok_studio | Version: 2.22.2
2026-07-16 13:43:57 | INFO     | vadafok_studio | Python: 3.14.3 (tags/v3.14.3:323c59a, Feb  3 2026, 16:04:56) [MSC v.1944 64 bit (AMD64)]
2026-07-16 13:43:57 | INFO     | vadafok_studio | Platform: Windows-11-10.0.26200-SP0
2026-07-16 13:43:57 | INFO     | vadafok_studio | Executable: C:\Users\heinr\AppData\Local\Python\pythoncore-3.14-64\python.exe
2026-07-16 13:43:57 | INFO     | vadafok_studio | Working directory: F:\Vadafok Studio\VADAFOK_Studio
2026-07-16 13:43:57 | INFO     | vadafok_studio | Process ID: 1279232
2026-07-16 13:43:57 | INFO     | vadafok_studio | Log file: F:\Vadafok Studio\VADAFOK_Studio\logs\vadafok_studio.log
2026-07-16 13:43:57 | ERROR    | vadafok_studio | Tk callback logging hook could not be installed
Traceback (most recent call last):
  File "F:\Vadafok Studio\VADAFOK_Studio\vadafok_studio\logging_setup.py", line 113, in _install_tk_callback_hook
    tkinter.Misc.report_callback_exception,
    ^^^^^^^^^^^^^^^^^^^^^^^^^^^^^^^^^^^^^^
AttributeError: type object 'Misc' has no attribute 'report_callback_exception'
2026-07-16 13:43:57 | INFO     | vadafok_studio | app.py loaded successfully
2026-07-16 13:46:02 | INFO     | vadafok_studio | ========================================================================
2026-07-16 13:46:02 | INFO     | vadafok_studio | Application start: VADAFOK Studio 2.22.2
2026-07-16 13:46:02 | INFO     | vadafok_studio | Version: 2.22.2
2026-07-16 13:46:02 | INFO     | vadafok_studio | Python: 3.14.3 (tags/v3.14.3:323c59a, Feb  3 2026, 16:04:56) [MSC v.1944 64 bit (AMD64)]
2026-07-16 13:46:02 | INFO     | vadafok_studio | Platform: Windows-11-10.0.26200-SP0
2026-07-16 13:46:02 | INFO     | vadafok_studio | Executable: C:\Users\heinr\AppData\Local\Python\pythoncore-3.14-64\python.exe
2026-07-16 13:46:02 | INFO     | vadafok_studio | Working directory: F:\Vadafok Studio\VADAFOK_Studio
2026-07-16 13:46:02 | INFO     | vadafok_studio | Process ID: 1280032
2026-07-16 13:46:02 | INFO     | vadafok_studio | Log file: F:\Vadafok Studio\VADAFOK_Studio\logs\vadafok_studio.log
2026-07-16 13:46:02 | ERROR    | vadafok_studio | Tk callback logging hook could not be installed
Traceback (most recent call last):
  File "F:\Vadafok Studio\VADAFOK_Studio\vadafok_studio\logging_setup.py", line 113, in _install_tk_callback_hook
    tkinter.Misc.report_callback_exception,
    ^^^^^^^^^^^^^^^^^^^^^^^^^^^^^^^^^^^^^^
AttributeError: type object 'Misc' has no attribute 'report_callback_exception'
2026-07-16 13:46:02 | INFO     | vadafok_studio | app.py loaded successfully
